"info",9,"default behavior if nothing is specified"
"info",9,"2025-05-03T03:23:14Z [thread-1234] c.b.e.b.e.AbstractDatabaseConnectionAdapterFactor - request_id= the rules should only infer a logging level if the substring is within the first 255 characters so that stuff later in the message doesn't trigger the inference behavior like FATAL or ERROR"